
Memory Configuration

Name             Origin             Length             Attributes
*default*        0x0000000000000000 0xffffffffffffffff

Linker script and memory map

                0xfffffff800000000                reloc1 = 0xfffffff800000000
                0x0000000002000000                reloc2 = 0x2000000
                0x00000000c0000000                reloc = 0xc0000000
                0xfffffff802000000                . = (reloc1 + reloc2)

.text           0xfffffff802000000     0x1d8c
 *(.text)
 .text          0xfffffff802000000      0x5cb boot2.o
                0xfffffff802000000                start
                0xfffffff802000460                hex64
                0xfffffff80200046b                hex32
                0xfffffff80200049a                set_cr4_vmxe
                0xfffffff8020004e5                t_lock
                0xfffffff802000552                cpu_flag
                0xfffffff80200055a                m1
                0xfffffff80200056a                msg1
 *fill*         0xfffffff8020005cb        0x1 00
 .text          0xfffffff8020005cc      0x153 mp.o
                0xfffffff8020005cc                find_mptable
 *fill*         0xfffffff80200071f        0x1 00
 .text          0xfffffff802000720      0x165 apic.o
                0xfffffff802000720                set_apic
                0xfffffff802000786                set_ioapic
                0xfffffff8020007c3                enable_apic
                0xfffffff8020007e0                start_ap
                0xfffffff802000822                send_ipi
                0xfffffff802000841                send_ipi1
                0xfffffff802000878                get_lapic_id
 *fill*         0xfffffff802000885        0x3 00
 .text          0xfffffff802000888      0x371 int.o
                0xfffffff802000888                intx00
                0xfffffff802000951                apic_err
                0xfffffff80200099d                apic_svr
                0xfffffff8020009f2                int0x40
                0xfffffff802000a78                apic_ici
                0xfffffff802000b04                sys_call
                0xfffffff802000b71                cpu0_cur
                0xfffffff802000b73                cpu2_cur
                0xfffffff802000b75                use_scr
                0xfffffff802000b76                cpu_disp
                0xfffffff802000b7a                cpu2_disp
                0xfffffff802000ba6                int_fmt
                0xfffffff802000bc2                hex_64
                0xfffffff802000bcd                hex_32
 *fill*         0xfffffff802000bf9        0x3 00
 .text          0xfffffff802000bfc      0x1e3 timer.o
                0xfffffff802000bfc                apic_timer
                0xfffffff802000cca                timer
                0xfffffff802000d0c                create_user_task_pcb
                0xfffffff802000dc7                pcb_addr
 *fill*         0xfffffff802000ddf        0x1 00
 .text          0xfffffff802000de0      0x230 keyb.o
                0xfffffff802000de0                keyb
 .text          0xfffffff802001010      0xd7c libs.o
                0xfffffff802001010                puts
                0xfffffff802001025                puts.0
                0xfffffff8020010ac                putc
                0xfffffff8020010b9                get_cur
                0xfffffff8020010d8                put_cur
                0xfffffff8020010f0                test_and_set32
                0xfffffff8020010fd                test_and_set8
                0xfffffff802001119                atomic_set
                0xfffffff802001122                hexasc
                0xfffffff80200112d                hexasc_32
                0xfffffff802001141                hexasc8
                0xfffffff802001157                print_lock
                0xfffffff80200115f                memcpy
                0xfffffff802001187                dump_cpu
                0xfffffff80200126c                msg
                0xfffffff8020012e1                vmx_i
                0xfffffff802001abc                user_task
                0xfffffff802001afc                guest_bin
                0xfffffff802001d8c                boot2_end

.iplt           0xfffffff802001d90        0x0
 .iplt          0x0000000000000000        0x0 boot2.o

.rela.dyn       0xfffffff802001d90        0x0
 .rela.iplt     0x0000000000000000        0x0 boot2.o
 .rela.text     0x0000000000000000        0x0 boot2.o

.data           0xfffffff802001d8c        0x0
 *(.data)
 .data          0xfffffff802001d8c        0x0 boot2.o
 .data          0xfffffff802001d8c        0x0 mp.o
 .data          0xfffffff802001d8c        0x0 apic.o
 .data          0xfffffff802001d8c        0x0 int.o
 .data          0xfffffff802001d8c        0x0 timer.o
 .data          0xfffffff802001d8c        0x0 keyb.o
 .data          0xfffffff802001d8c        0x0 libs.o

.igot.plt       0xfffffff802001d90        0x0
 .igot.plt      0x0000000000000000        0x0 boot2.o

.bss            0xfffffff802001d8c     0x1f40
 *(.bss)
 .bss           0xfffffff802001d8c        0x0 boot2.o
 .bss           0xfffffff802001d8c        0x0 mp.o
 .bss           0xfffffff802001d8c        0x0 apic.o
 .bss           0xfffffff802001d8c        0x0 int.o
 .bss           0xfffffff802001d8c        0x0 timer.o
 .bss           0xfffffff802001d8c        0x0 keyb.o
 .bss           0xfffffff802001d8c     0x1f40 libs.o
                0xfffffff802001d8c                cpu0_disp
                0xfffffff802002d2c                cpu1_disp
LOAD boot2.o
LOAD mp.o
LOAD apic.o
LOAD int.o
LOAD timer.o
LOAD keyb.o
LOAD libs.o
OUTPUT(boot2.out elf64-x86-64)
